C:\hostp\KRBO-03-17\laba 2 morozov\Logical\Global.typ
C:\hostp\KRBO-03-17\laba 2 morozov\Logical\Global.var
C:\hostp\KRBO-03-17\laba 2 morozov\Logical\Libraries\Runtime\runtime.fun
C:\hostp\KRBO-03-17\laba 2 morozov\Logical\Libraries\Runtime\runtime.typ
C:\hostp\KRBO-03-17\laba 2 morozov\Logical\Libraries\Runtime\runtime.var
C:\hostp\KRBO-03-17\laba 2 morozov\Logical\Libraries\Operator\operator.fun
C:\hostp\KRBO-03-17\laba 2 morozov\Logical\Libraries\Operator\operator.typ
C:\hostp\KRBO-03-17\laba 2 morozov\Logical\Libraries\Operator\operator.var
C:\hostp\KRBO-03-17\laba 2 morozov\Logical\Libraries\AsIecCon\AsIecCon.fun
C:\hostp\KRBO-03-17\laba 2 morozov\Logical\Libraries\AsIecCon\AsIecCon.typ
C:\hostp\KRBO-03-17\laba 2 morozov\Logical\Libraries\AsIecCon\AsIecCon.var
C:\hostp\KRBO-03-17\laba 2 morozov\Logical\Libraries\astime\astime.fun
C:\hostp\KRBO-03-17\laba 2 morozov\Logical\Libraries\astime\astime.typ
C:\hostp\KRBO-03-17\laba 2 morozov\Logical\Libraries\astime\astime.var
C:\hostp\KRBO-03-17\laba 2 morozov\Logical\Libraries\sys_lib\sys_lib.fun
C:\hostp\KRBO-03-17\laba 2 morozov\Logical\Libraries\sys_lib\sys_lib.typ
C:\hostp\KRBO-03-17\laba 2 morozov\Logical\Libraries\sys_lib\sys_lib.var
C:\hostp\KRBO-03-17\laba 2 morozov\Logical\Libraries\asstring\asstring.fun
C:\hostp\KRBO-03-17\laba 2 morozov\Logical\Libraries\asstring\asstring.typ
C:\hostp\KRBO-03-17\laba 2 morozov\Logical\Libraries\asstring\asstring.var
C:\hostp\KRBO-03-17\laba 2 morozov\Logical\Libraries\Acp10man\Acp10man.typ
C:\hostp\KRBO-03-17\laba 2 morozov\Logical\Libraries\Acp10par\Acp10par.var
C:\hostp\KRBO-03-17\laba 2 morozov\Logical\Libraries\NcGlobal\NcGlobal.fun
C:\hostp\KRBO-03-17\laba 2 morozov\Logical\Libraries\NcGlobal\NcGlobal.typ
C:\hostp\KRBO-03-17\laba 2 morozov\Logical\Libraries\NcGlobal\NcGlobal.var
C:\hostp\KRBO-03-17\laba 2 morozov\Logical\Libraries\Acp10sdc\acp10sdc.var
C:\hostp\KRBO-03-17\laba 2 morozov\Logical\Libraries\Acp10sdc\acp10sdc.typ
C:\hostp\KRBO-03-17\laba 2 morozov\Logical\Libraries\Acp10_MC\acp10_mc.fun
C:\hostp\KRBO-03-17\laba 2 morozov\Logical\Libraries\Acp10_MC\acp10_mc.typ
C:\hostp\KRBO-03-17\laba 2 morozov\Logical\Libraries\Acp10_MC\acp10_mc.var
C:\hostp\KRBO-03-17\laba 2 morozov\Logical\Libraries\brsystem\brsystem.fun
C:\hostp\KRBO-03-17\laba 2 morozov\Logical\Libraries\brsystem\brsystem.typ
C:\hostp\KRBO-03-17\laba 2 morozov\Logical\Libraries\brsystem\brsystem.var
C:\hostp\KRBO-03-17\laba 2 morozov\Logical\Libraries\AsBrStr\AsBrStr.fun
C:\hostp\KRBO-03-17\laba 2 morozov\Logical\Libraries\AsBrStr\AsBrStr.typ
C:\hostp\KRBO-03-17\laba 2 morozov\Logical\Libraries\AsBrStr\AsBrStr.var
C:\hostp\KRBO-03-17\laba 2 morozov\Logical\Libraries\DriveLib\Types.typ
C:\hostp\KRBO-03-17\laba 2 morozov\Logical\Libraries\DriveLib\Constants.var
C:\hostp\KRBO-03-17\laba 2 morozov\Logical\Libraries\DriveLib\DriveLib.fun
